Godot Engine v4.7.stable.official.5b4e0cb0f - https://godotengine.org

[   0% ] [90m[1mfirst_scan_filesystem[22m | Started Project initialization (5 steps)[39m[0m
[   0% ] [90m[1mfirst_scan_filesystem[22m | Scanning file structure...[39m[0m
[  16% ] [90m[1mfirst_scan_filesystem[22m | Loading global class names...[39m[0m
[  33% ] [90m[1mfirst_scan_filesystem[22m | Verifying GDExtensions...[39m[0m
[  50% ] [90m[1mfirst_scan_filesystem[22m | Creating autoload scripts...[39m[0m
[  66% ] [90m[1mfirst_scan_filesystem[22m | Initializing plugins...[39m[0m
[  83% ] [90m[1mfirst_scan_filesystem[22m | Starting file scan...[39m[0m
[92m[ DONE ][39m [1mfirst_scan_filesystem[22m
[0m
[   0% ] [90m[1mupdate_scripts_classes[22m | Started Registering global classes... (3 steps)[39m[0m
[   0% ] [90m[1mupdate_scripts_classes[22m | PlayerCombat[39m[0m
[  25% ] [90m[1mupdate_scripts_classes[22m | [39m[0m
[  50% ] [90m[1mupdate_scripts_classes[22m | [39m[0m
[92m[ DONE ][39m [1mupdate_scripts_classes[22m
[0m
[   0% ] [90m[1msavepack[22m | Started Packing (102 steps)[39m[0m
[   1% ] [90m[1msavepack[22m | Storing File: res://.godot/exported/133200997/export-3ad5c15c4f3250da0cc7c1af1770d85f-main.scn[39m[0m
[   5% ] [90m[1msavepack[22m | Storing File: res://scripts/ai/combat_brain.gdc[39m[0m
[  10% ] [90m[1msavepack[22m | Storing File: res://scripts/ai/enemy_actor.gdc[39m[0m
[  15% ] [90m[1msavepack[22m | Storing File: res://scripts/ai/state_machine.gdc[39m[0m
[  20% ] [90m[1msavepack[22m | Storing File: res://scripts/combat/damage_system.gdc[39m[0m
[  24% ] [90m[1msavepack[22m | Storing File: res://scripts/combat/health_component.gdc[39m[0m
[  29% ] [90m[1msavepack[22m | Storing File: res://scripts/combat/player_combat.gdc[39m[0m
[  33% ] [90m[1msavepack[22m | Storing File: res://scripts/combat/weapon_config.gdc[39m[0m
[  38% ] [90m[1msavepack[22m | Storing File: res://scripts/interaction/interaction_controller.gdc[39m[0m
[  42% ] [90m[1msavepack[22m | Storing File: res://scripts/interaction/survey_site.gdc[39m[0m
[  47% ] [90m[1msavepack[22m | Storing File: res://scripts/player/input_bindings.gdc[39m[0m
[  52% ] [90m[1msavepack[22m | Storing File: res://scripts/player/movement_config.gdc[39m[0m
[  57% ] [90m[1msavepack[22m | Storing File: res://scripts/player/orbit_camera.gdc[39m[0m
[  61% ] [90m[1msavepack[22m | Storing File: res://scripts/player/player_controller.gdc[39m[0m
[  66% ] [90m[1msavepack[22m | Storing File: res://scripts/player/player_visual.gdc[39m[0m
[  70% ] [90m[1msavepack[22m | Storing File: res://scripts/ui/game_hud.gdc[39m[0m
[  75% ] [90m[1msavepack[22m | Storing File: res://scripts/world/blockout_kit.gdc[39m[0m
[  79% ] [90m[1msavepack[22m | Storing File: res://scripts/world/coastal_region.gdc[39m[0m
[  84% ] [90m[1msavepack[22m | Storing File: res://scripts/main.gdc[39m[0m
[  89% ] [90m[1msavepack[22m | Storing File: res://tests/combat_verifier.gdc[39m[0m
[  94% ] [90m[1msavepack[22m | Storing File: res://tests/traversal_verifier.gdc[39m[0m
[  94% ] [90m[1msavepack[22m | Storing File: res://scenes/main.tscn.remap[39m[0m
[  94% ] [90m[1msavepack[22m | Storing File: res://scripts/ai/combat_brain.gd.remap[39m[0m
[  94% ] [90m[1msavepack[22m | Storing File: res://scripts/ai/enemy_actor.gd.remap[39m[0m
[  94% ] [90m[1msavepack[22m | Storing File: res://scripts/ai/state_machine.gd.remap[39m[0m
[  94% ] [90m[1msavepack[22m | Storing File: res://scripts/combat/damage_system.gd.remap[39m[0m
[  94% ] [90m[1msavepack[22m | Storing File: res://scripts/combat/health_component.gd.remap[39m[0m
[  94% ] [90m[1msavepack[22m | Storing File: res://scripts/combat/player_combat.gd.remap[39m[0m
[  94% ] [90m[1msavepack[22m | Storing File: res://scripts/combat/weapon_config.gd.remap[39m[0m
[  94% ] [90m[1msavepack[22m | Storing File: res://scripts/interaction/interaction_controller.gd.remap[39m[0m
[  94% ] [90m[1msavepack[22m | Storing File: res://scripts/interaction/survey_site.gd.remap[39m[0m
[  94% ] [90m[1msavepack[22m | Storing File: res://scripts/player/input_bindings.gd.remap[39m[0m
[  94% ] [90m[1msavepack[22m | Storing File: res://scripts/player/movement_config.gd.remap[39m[0m
[  94% ] [90m[1msavepack[22m | Storing File: res://scripts/player/orbit_camera.gd.remap[39m[0m
[  94% ] [90m[1msavepack[22m | Storing File: res://scripts/player/player_controller.gd.remap[39m[0m
[  94% ] [90m[1msavepack[22m | Storing File: res://scripts/player/player_visual.gd.remap[39m[0m
[  94% ] [90m[1msavepack[22m | Storing File: res://scripts/ui/game_hud.gd.remap[39m[0m
[  94% ] [90m[1msavepack[22m | Storing File: res://scripts/world/blockout_kit.gd.remap[39m[0m
[  94% ] [90m[1msavepack[22m | Storing File: res://scripts/world/coastal_region.gd.remap[39m[0m
[  94% ] [90m[1msavepack[22m | Storing File: res://scripts/main.gd.remap[39m[0m
[  94% ] [90m[1msavepack[22m | Storing File: res://tests/combat_verifier.gd.remap[39m[0m
[  94% ] [90m[1msavepack[22m | Storing File: res://tests/traversal_verifier.gd.remap[39m[0m
[  94% ] [90m[1msavepack[22m | Storing File: res://.godot/global_script_class_cache.cfg[39m[0m
[  94% ] [90m[1msavepack[22m | Storing File: res://.godot/uid_cache.bin[39m[0m
[  94% ] [90m[1msavepack[22m | Storing File: res://project.binary[39m[0m
[92m[ DONE ][39m [1msavepack[22m
[0m
