Godot Engine v4.7.stable.official.5b4e0cb0f - https://godotengine.org

[   0% ] [90m[1mfirst_scan_filesystem[22m | Started Project initialization (5 steps)[39m[0m
[   0% ] [90m[1mfirst_scan_filesystem[22m | Scanning file structure...[39m[0m
[  16% ] [90m[1mfirst_scan_filesystem[22m | Loading global class names...[39m[0m
[  33% ] [90m[1mfirst_scan_filesystem[22m | Verifying GDExtensions...[39m[0m
[  50% ] [90m[1mfirst_scan_filesystem[22m | Creating autoload scripts...[39m[0m
[  66% ] [90m[1mfirst_scan_filesystem[22m | Initializing plugins...[39m[0m
[  83% ] [90m[1mfirst_scan_filesystem[22m | Starting file scan...[39m[0m
[92m[ DONE ][39m [1mfirst_scan_filesystem[22m
[0m
[   0% ] [90m[1mupdate_scripts_classes[22m | Started Registering global classes... (2 steps)[39m[0m
[   0% ] [90m[1mupdate_scripts_classes[22m | DeliveryContract[39m[0m
[  33% ] [90m[1mupdate_scripts_classes[22m | [39m[0m
[92m[ DONE ][39m [1mupdate_scripts_classes[22m
[0m
[   0% ] [90m[1msavepack[22m | Started Packing (102 steps)[39m[0m
[   1% ] [90m[1msavepack[22m | Storing File: res://.godot/exported/133200997/export-3ad5c15c4f3250da0cc7c1af1770d85f-main.scn[39m[0m
[   3% ] [90m[1msavepack[22m | Storing File: res://scripts/ai/combat_brain.gdc[39m[0m
[   6% ] [90m[1msavepack[22m | Storing File: res://scripts/ai/enemy_actor.gdc[39m[0m
[   8% ] [90m[1msavepack[22m | Storing File: res://scripts/ai/state_machine.gdc[39m[0m
[  11% ] [90m[1msavepack[22m | Storing File: res://scripts/combat/damage_system.gdc[39m[0m
[  13% ] [90m[1msavepack[22m | Storing File: res://scripts/combat/health_component.gdc[39m[0m
[  16% ] [90m[1msavepack[22m | Storing File: res://scripts/combat/player_combat.gdc[39m[0m
[  18% ] [90m[1msavepack[22m | Storing File: res://scripts/combat/weapon_config.gdc[39m[0m
[  21% ] [90m[1msavepack[22m | Storing File: res://scripts/economy/delivery_contract.gdc[39m[0m
[  24% ] [90m[1msavepack[22m | Storing File: res://scripts/economy/logistics_world.gdc[39m[0m
[  26% ] [90m[1msavepack[22m | Storing File: res://scripts/economy/shop.gdc[39m[0m
[  29% ] [90m[1msavepack[22m | Storing File: res://scripts/interaction/interaction_controller.gdc[39m[0m
[  31% ] [90m[1msavepack[22m | Storing File: res://scripts/interaction/survey_site.gdc[39m[0m
[  33% ] [90m[1msavepack[22m | Storing File: res://scripts/player/input_bindings.gdc[39m[0m
[  35% ] [90m[1msavepack[22m | Storing File: res://scripts/player/movement_config.gdc[39m[0m
[  38% ] [90m[1msavepack[22m | Storing File: res://scripts/player/orbit_camera.gdc[39m[0m
[  41% ] [90m[1msavepack[22m | Storing File: res://scripts/player/player_controller.gdc[39m[0m
[  43% ] [90m[1msavepack[22m | Storing File: res://scripts/player/player_visual.gdc[39m[0m
[  46% ] [90m[1msavepack[22m | Storing File: res://scripts/resources/inventory.gdc[39m[0m
[  48% ] [90m[1msavepack[22m | Storing File: res://scripts/resources/item_definition.gdc[39m[0m
[  51% ] [90m[1msavepack[22m | Storing File: res://scripts/resources/resource_source.gdc[39m[0m
[  53% ] [90m[1msavepack[22m | Storing File: res://scripts/resources/storage.gdc[39m[0m
[  56% ] [90m[1msavepack[22m | Storing File: res://scripts/ui/game_hud.gdc[39m[0m
[  58% ] [90m[1msavepack[22m | Storing File: res://scripts/vehicles/bike_controller.gdc[39m[0m
[  61% ] [90m[1msavepack[22m | Storing File: res://scripts/vehicles/bike_flight_controller.gdc[39m[0m
[  64% ] [90m[1msavepack[22m | Storing File: res://scripts/vehicles/bike_visual.gdc[39m[0m
[  66% ] [90m[1msavepack[22m | Storing File: res://scripts/vehicles/cargo_cart.gdc[39m[0m
[  68% ] [90m[1msavepack[22m | Storing File: res://scripts/vehicles/hitch_system.gdc[39m[0m
[  70% ] [90m[1msavepack[22m | Storing File: res://scripts/vehicles/vehicle_seat.gdc[39m[0m
[  73% ] [90m[1msavepack[22m | Storing File: res://scripts/vehicles/vehicle_transformation.gdc[39m[0m
[  75% ] [90m[1msavepack[22m | Storing File: res://scripts/world/blockout_kit.gdc[39m[0m
[  78% ] [90m[1msavepack[22m | Storing File: res://scripts/world/coastal_region.gdc[39m[0m
[  81% ] [90m[1msavepack[22m | Storing File: res://scripts/main.gdc[39m[0m
[  83% ] [90m[1msavepack[22m | Storing File: res://tests/bike_verifier.gdc[39m[0m
[  86% ] [90m[1msavepack[22m | Storing File: res://tests/cart_verifier.gdc[39m[0m
[  88% ] [90m[1msavepack[22m | Storing File: res://tests/combat_verifier.gdc[39m[0m
[  91% ] [90m[1msavepack[22m | Storing File: res://tests/flight_verifier.gdc[39m[0m
[  93% ] [90m[1msavepack[22m | Storing File: res://tests/logistics_verifier.gdc[39m[0m
[  96% ] [90m[1msavepack[22m | Storing File: res://tests/traversal_verifier.gdc[39m[0m
[  96% ] [90m[1msavepack[22m | Storing File: res://scenes/main.tscn.remap[39m[0m
[  96% ] [90m[1msavepack[22m | Storing File: res://scripts/ai/combat_brain.gd.remap[39m[0m
[  96% ] [90m[1msavepack[22m | Storing File: res://scripts/ai/enemy_actor.gd.remap[39m[0m
[  96% ] [90m[1msavepack[22m | Storing File: res://scripts/ai/state_machine.gd.remap[39m[0m
[  96% ] [90m[1msavepack[22m | Storing File: res://scripts/combat/damage_system.gd.remap[39m[0m
[  96% ] [90m[1msavepack[22m | Storing File: res://scripts/combat/health_component.gd.remap[39m[0m
[  96% ] [90m[1msavepack[22m | Storing File: res://scripts/combat/player_combat.gd.remap[39m[0m
[  96% ] [90m[1msavepack[22m | Storing File: res://scripts/combat/weapon_config.gd.remap[39m[0m
[  96% ] [90m[1msavepack[22m | Storing File: res://scripts/economy/delivery_contract.gd.remap[39m[0m
[  96% ] [90m[1msavepack[22m | Storing File: res://scripts/economy/logistics_world.gd.remap[39m[0m
[  96% ] [90m[1msavepack[22m | Storing File: res://scripts/economy/shop.gd.remap[39m[0m
[  96% ] [90m[1msavepack[22m | Storing File: res://scripts/interaction/interaction_controller.gd.remap[39m[0m
[  96% ] [90m[1msavepack[22m | Storing File: res://scripts/interaction/survey_site.gd.remap[39m[0m
[  96% ] [90m[1msavepack[22m | Storing File: res://scripts/player/input_bindings.gd.remap[39m[0m
[  96% ] [90m[1msavepack[22m | Storing File: res://scripts/player/movement_config.gd.remap[39m[0m
[  96% ] [90m[1msavepack[22m | Storing File: res://scripts/player/orbit_camera.gd.remap[39m[0m
[  96% ] [90m[1msavepack[22m | Storing File: res://scripts/player/player_controller.gd.remap[39m[0m
[  96% ] [90m[1msavepack[22m | Storing File: res://scripts/player/player_visual.gd.remap[39m[0m
[  96% ] [90m[1msavepack[22m | Storing File: res://scripts/resources/inventory.gd.remap[39m[0m
[  96% ] [90m[1msavepack[22m | Storing File: res://scripts/resources/item_definition.gd.remap[39m[0m
[  96% ] [90m[1msavepack[22m | Storing File: res://scripts/resources/resource_source.gd.remap[39m[0m
[  96% ] [90m[1msavepack[22m | Storing File: res://scripts/resources/storage.gd.remap[39m[0m
[  96% ] [90m[1msavepack[22m | Storing File: res://scripts/ui/game_hud.gd.remap[39m[0m
[  96% ] [90m[1msavepack[22m | Storing File: res://scripts/vehicles/bike_controller.gd.remap[39m[0m
[  96% ] [90m[1msavepack[22m | Storing File: res://scripts/vehicles/bike_flight_controller.gd.remap[39m[0m
[  96% ] [90m[1msavepack[22m | Storing File: res://scripts/vehicles/bike_visual.gd.remap[39m[0m
[  96% ] [90m[1msavepack[22m | Storing File: res://scripts/vehicles/cargo_cart.gd.remap[39m[0m
[  96% ] [90m[1msavepack[22m | Storing File: res://scripts/vehicles/hitch_system.gd.remap[39m[0m
[  96% ] [90m[1msavepack[22m | Storing File: res://scripts/vehicles/vehicle_seat.gd.remap[39m[0m
[  96% ] [90m[1msavepack[22m | Storing File: res://scripts/vehicles/vehicle_transformation.gd.remap[39m[0m
[  96% ] [90m[1msavepack[22m | Storing File: res://scripts/world/blockout_kit.gd.remap[39m[0m
[  96% ] [90m[1msavepack[22m | Storing File: res://scripts/world/coastal_region.gd.remap[39m[0m
[  96% ] [90m[1msavepack[22m | Storing File: res://scripts/main.gd.remap[39m[0m
[  96% ] [90m[1msavepack[22m | Storing File: res://tests/bike_verifier.gd.remap[39m[0m
[  96% ] [90m[1msavepack[22m | Storing File: res://tests/cart_verifier.gd.remap[39m[0m
[  96% ] [90m[1msavepack[22m | Storing File: res://tests/combat_verifier.gd.remap[39m[0m
[  96% ] [90m[1msavepack[22m | Storing File: res://tests/flight_verifier.gd.remap[39m[0m
[  96% ] [90m[1msavepack[22m | Storing File: res://tests/logistics_verifier.gd.remap[39m[0m
[  96% ] [90m[1msavepack[22m | Storing File: res://tests/traversal_verifier.gd.remap[39m[0m
[  96% ] [90m[1msavepack[22m | Storing File: res://.godot/global_script_class_cache.cfg[39m[0m
[  96% ] [90m[1msavepack[22m | Storing File: res://.godot/uid_cache.bin[39m[0m
[  96% ] [90m[1msavepack[22m | Storing File: res://project.binary[39m[0m
[92m[ DONE ][39m [1msavepack[22m
[0m
