Godot Engine v4.7.stable.official.5b4e0cb0f - https://godotengine.org

[   0% ] [90m[1mfirst_scan_filesystem[22m | Started Project initialization (5 steps)[39m[0m
[   0% ] [90m[1mfirst_scan_filesystem[22m | Scanning file structure...[39m[0m
[  16% ] [90m[1mfirst_scan_filesystem[22m | Loading global class names...[39m[0m
[  33% ] [90m[1mfirst_scan_filesystem[22m | Verifying GDExtensions...[39m[0m
[  50% ] [90m[1mfirst_scan_filesystem[22m | Creating autoload scripts...[39m[0m
[  66% ] [90m[1mfirst_scan_filesystem[22m | Initializing plugins...[39m[0m
[  83% ] [90m[1mfirst_scan_filesystem[22m | Starting file scan...[39m[0m
[92m[ DONE ][39m [1mfirst_scan_filesystem[22m
[0m
[   0% ] [90m[1mupdate_scripts_classes[22m | Started Registering global classes... (9 steps)[39m[0m
[   0% ] [90m[1mupdate_scripts_classes[22m | WorkerActor[39m[0m
[  10% ] [90m[1mupdate_scripts_classes[22m | PlayerController[39m[0m
[  20% ] [90m[1mupdate_scripts_classes[22m | BikeController[39m[0m
[  30% ] [90m[1mupdate_scripts_classes[22m | CoastalRegion[39m[0m
[  40% ] [90m[1mupdate_scripts_classes[22m | TerrainChunk[39m[0m
[  50% ] [90m[1mupdate_scripts_classes[22m | WorldManager[39m[0m
[  60% ] [90m[1mupdate_scripts_classes[22m | WorldStreamer[39m[0m
[  70% ] [90m[1mupdate_scripts_classes[22m | [39m[0m
[  80% ] [90m[1mupdate_scripts_classes[22m | [39m[0m
[92m[ DONE ][39m [1mupdate_scripts_classes[22m
[0m
[   0% ] [90m[1mloading_editor_layout[22m | Started Loading editor (5 steps)[39m[0m
[   0% ] [90m[1mloading_editor_layout[22m | Loading editor layout...[39m[0m
[  16% ] [90m[1mloading_editor_layout[22m | Loading docks...[39m[0m
[92m[ DONE ][39m [1mloading_editor_layout[22m
[0m
SCRIPT ERROR: Parse Error: Cannot infer the type of "bike_near" variable because the value doesn't have a set type.
          at: GDScript::reload (res://scripts/world/world_manager.gd:44)
SCRIPT ERROR: Compile Error: Failed to compile depended scripts.
          at: GDScript::reload (res://scripts/main.gd:0)
ERROR: Failed to load script "res://scripts/main.gd" with error "Parse error".
   at: load (modules/gdscript/gdscript_resource_format.cpp:46)
