Godot Engine v4.7.stable.official.5b4e0cb0f - https://godotengine.org

[   0% ] [90m[1mfirst_scan_filesystem[22m | Started Project initialization (5 steps)[39m[0m
[   0% ] [90m[1mfirst_scan_filesystem[22m | Scanning file structure...[39m[0m
[  16% ] [90m[1mfirst_scan_filesystem[22m | Loading global class names...[39m[0m
[  33% ] [90m[1mfirst_scan_filesystem[22m | Verifying GDExtensions...[39m[0m
[  50% ] [90m[1mfirst_scan_filesystem[22m | Creating autoload scripts...[39m[0m
[  66% ] [90m[1mfirst_scan_filesystem[22m | Initializing plugins...[39m[0m
[  83% ] [90m[1mfirst_scan_filesystem[22m | Starting file scan...[39m[0m
[92m[ DONE ][39m [1mfirst_scan_filesystem[22m
[0m
[   0% ] [90m[1msavepack[22m | Started Packing (102 steps)[39m[0m
[   1% ] [90m[1msavepack[22m | Storing File: res://.godot/exported/133200997/export-3ad5c15c4f3250da0cc7c1af1770d85f-main.scn[39m[0m
[   2% ] [90m[1msavepack[22m | Storing File: res://scripts/ai/combat_brain.gdc[39m[0m
[   4% ] [90m[1msavepack[22m | Storing File: res://scripts/ai/enemy_actor.gdc[39m[0m
[   6% ] [90m[1msavepack[22m | Storing File: res://scripts/ai/navigation_controller.gdc[39m[0m
[   7% ] [90m[1msavepack[22m | Storing File: res://scripts/ai/state_machine.gdc[39m[0m
[   9% ] [90m[1msavepack[22m | Storing File: res://scripts/ai/worker_actor.gdc[39m[0m
[  11% ] [90m[1msavepack[22m | Storing File: res://scripts/combat/damage_system.gdc[39m[0m
[  13% ] [90m[1msavepack[22m | Storing File: res://scripts/combat/health_component.gdc[39m[0m
[  14% ] [90m[1msavepack[22m | Storing File: res://scripts/combat/player_combat.gdc[39m[0m
[  16% ] [90m[1msavepack[22m | Storing File: res://scripts/combat/weapon_config.gdc[39m[0m
[  18% ] [90m[1msavepack[22m | Storing File: res://scripts/economy/delivery_contract.gdc[39m[0m
[  19% ] [90m[1msavepack[22m | Storing File: res://scripts/economy/logistics_world.gdc[39m[0m
[  21% ] [90m[1msavepack[22m | Storing File: res://scripts/economy/shop.gdc[39m[0m
[  23% ] [90m[1msavepack[22m | Storing File: res://scripts/interaction/interaction_controller.gdc[39m[0m
[  25% ] [90m[1msavepack[22m | Storing File: res://scripts/interaction/survey_site.gdc[39m[0m
[  26% ] [90m[1msavepack[22m | Storing File: res://scripts/jobs/job_definition.gdc[39m[0m
[  28% ] [90m[1msavepack[22m | Storing File: res://scripts/jobs/job_executor.gdc[39m[0m
[  30% ] [90m[1msavepack[22m | Storing File: res://scripts/jobs/worker_manager.gdc[39m[0m
[  32% ] [90m[1msavepack[22m | Storing File: res://scripts/persistence/save_schema.gdc[39m[0m
[  33% ] [90m[1msavepack[22m | Storing File: res://scripts/persistence/save_system.gdc[39m[0m
[  34% ] [90m[1msavepack[22m | Storing File: res://scripts/player/input_bindings.gdc[39m[0m
[  36% ] [90m[1msavepack[22m | Storing File: res://scripts/player/movement_config.gdc[39m[0m
[  37% ] [90m[1msavepack[22m | Storing File: res://scripts/player/orbit_camera.gdc[39m[0m
[  39% ] [90m[1msavepack[22m | Storing File: res://scripts/player/player_controller.gdc[39m[0m
[  41% ] [90m[1msavepack[22m | Storing File: res://scripts/player/player_visual.gdc[39m[0m
[  43% ] [90m[1msavepack[22m | Storing File: res://scripts/resources/inventory.gdc[39m[0m
[  44% ] [90m[1msavepack[22m | Storing File: res://scripts/resources/item_definition.gdc[39m[0m
[  46% ] [90m[1msavepack[22m | Storing File: res://scripts/resources/resource_source.gdc[39m[0m
[  48% ] [90m[1msavepack[22m | Storing File: res://scripts/resources/storage.gdc[39m[0m
[  50% ] [90m[1msavepack[22m | Storing File: res://scripts/ui/field_map.gdc[39m[0m
[  51% ] [90m[1msavepack[22m | Storing File: res://scripts/ui/game_hud.gdc[39m[0m
[  53% ] [90m[1msavepack[22m | Storing File: res://scripts/vehicles/bike_controller.gdc[39m[0m
[  55% ] [90m[1msavepack[22m | Storing File: res://scripts/vehicles/bike_flight_controller.gdc[39m[0m
[  56% ] [90m[1msavepack[22m | Storing File: res://scripts/vehicles/bike_visual.gdc[39m[0m
[  58% ] [90m[1msavepack[22m | Storing File: res://scripts/vehicles/cargo_cart.gdc[39m[0m
[  60% ] [90m[1msavepack[22m | Storing File: res://scripts/vehicles/hitch_system.gdc[39m[0m
[  62% ] [90m[1msavepack[22m | Storing File: res://scripts/vehicles/vehicle_seat.gdc[39m[0m
[  63% ] [90m[1msavepack[22m | Storing File: res://scripts/vehicles/vehicle_transformation.gdc[39m[0m
[  65% ] [90m[1msavepack[22m | Storing File: res://scripts/world/blockout_kit.gdc[39m[0m
[  66% ] [90m[1msavepack[22m | Storing File: res://scripts/world/coastal_region.gdc[39m[0m
[  67% ] [90m[1msavepack[22m | Storing File: res://scripts/world/static_batcher.gdc[39m[0m
[  69% ] [90m[1msavepack[22m | Storing File: res://scripts/world/terrain_chunk.gdc[39m[0m
[  71% ] [90m[1msavepack[22m | Storing File: res://scripts/world/world_manager.gdc[39m[0m
[  73% ] [90m[1msavepack[22m | Storing File: res://scripts/world/world_streamer.gdc[39m[0m
[  74% ] [90m[1msavepack[22m | Storing File: res://scripts/main.gdc[39m[0m
[  76% ] [90m[1msavepack[22m | Storing File: res://tests/bike_verifier.gdc[39m[0m
[  78% ] [90m[1msavepack[22m | Storing File: res://tests/cart_verifier.gdc[39m[0m
[  80% ] [90m[1msavepack[22m | Storing File: res://tests/combat_verifier.gdc[39m[0m
[  81% ] [90m[1msavepack[22m | Storing File: res://tests/distance_verifier.gdc[39m[0m
[  83% ] [90m[1msavepack[22m | Storing File: res://tests/flight_verifier.gdc[39m[0m
[  85% ] [90m[1msavepack[22m | Storing File: res://tests/integration_verifier.gdc[39m[0m
[  86% ] [90m[1msavepack[22m | Storing File: res://tests/logistics_verifier.gdc[39m[0m
[  88% ] [90m[1msavepack[22m | Storing File: res://tests/resume_verifier.gdc[39m[0m
[  90% ] [90m[1msavepack[22m | Storing File: res://tests/save_verifier.gdc[39m[0m
[  92% ] [90m[1msavepack[22m | Storing File: res://tests/traversal_verifier.gdc[39m[0m
[  93% ] [90m[1msavepack[22m | Storing File: res://tests/ui_verifier.gdc[39m[0m
[  95% ] [90m[1msavepack[22m | Storing File: res://tests/worker_verifier.gdc[39m[0m
[  97% ] [90m[1msavepack[22m | Storing File: res://tests/world_verifier.gdc[39m[0m
[  97% ] [90m[1msavepack[22m | Storing File: res://scenes/main.tscn.remap[39m[0m
[  97% ] [90m[1msavepack[22m | Storing File: res://scripts/ai/combat_brain.gd.remap[39m[0m
[  97% ] [90m[1msavepack[22m | Storing File: res://scripts/ai/enemy_actor.gd.remap[39m[0m
[  97% ] [90m[1msavepack[22m | Storing File: res://scripts/ai/navigation_controller.gd.remap[39m[0m
[  97% ] [90m[1msavepack[22m | Storing File: res://scripts/ai/state_machine.gd.remap[39m[0m
[  97% ] [90m[1msavepack[22m | Storing File: res://scripts/ai/worker_actor.gd.remap[39m[0m
[  97% ] [90m[1msavepack[22m | Storing File: res://scripts/combat/damage_system.gd.remap[39m[0m
[  97% ] [90m[1msavepack[22m | Storing File: res://scripts/combat/health_component.gd.remap[39m[0m
[  97% ] [90m[1msavepack[22m | Storing File: res://scripts/combat/player_combat.gd.remap[39m[0m
[  97% ] [90m[1msavepack[22m | Storing File: res://scripts/combat/weapon_config.gd.remap[39m[0m
[  97% ] [90m[1msavepack[22m | Storing File: res://scripts/economy/delivery_contract.gd.remap[39m[0m
[  97% ] [90m[1msavepack[22m | Storing File: res://scripts/economy/logistics_world.gd.remap[39m[0m
[  97% ] [90m[1msavepack[22m | Storing File: res://scripts/economy/shop.gd.remap[39m[0m
[  97% ] [90m[1msavepack[22m | Storing File: res://scripts/interaction/interaction_controller.gd.remap[39m[0m
[  97% ] [90m[1msavepack[22m | Storing File: res://scripts/interaction/survey_site.gd.remap[39m[0m
[  97% ] [90m[1msavepack[22m | Storing File: res://scripts/jobs/job_definition.gd.remap[39m[0m
[  97% ] [90m[1msavepack[22m | Storing File: res://scripts/jobs/job_executor.gd.remap[39m[0m
[  97% ] [90m[1msavepack[22m | Storing File: res://scripts/jobs/worker_manager.gd.remap[39m[0m
[  97% ] [90m[1msavepack[22m | Storing File: res://scripts/persistence/save_schema.gd.remap[39m[0m
[  97% ] [90m[1msavepack[22m | Storing File: res://scripts/persistence/save_system.gd.remap[39m[0m
[  97% ] [90m[1msavepack[22m | Storing File: res://scripts/player/input_bindings.gd.remap[39m[0m
[  97% ] [90m[1msavepack[22m | Storing File: res://scripts/player/movement_config.gd.remap[39m[0m
[  97% ] [90m[1msavepack[22m | Storing File: res://scripts/player/orbit_camera.gd.remap[39m[0m
[  97% ] [90m[1msavepack[22m | Storing File: res://scripts/player/player_controller.gd.remap[39m[0m
[  97% ] [90m[1msavepack[22m | Storing File: res://scripts/player/player_visual.gd.remap[39m[0m
[  97% ] [90m[1msavepack[22m | Storing File: res://scripts/resources/inventory.gd.remap[39m[0m
[  97% ] [90m[1msavepack[22m | Storing File: res://scripts/resources/item_definition.gd.remap[39m[0m
[  97% ] [90m[1msavepack[22m | Storing File: res://scripts/resources/resource_source.gd.remap[39m[0m
[  97% ] [90m[1msavepack[22m | Storing File: res://scripts/resources/storage.gd.remap[39m[0m
[  97% ] [90m[1msavepack[22m | Storing File: res://scripts/ui/field_map.gd.remap[39m[0m
[  97% ] [90m[1msavepack[22m | Storing File: res://scripts/ui/game_hud.gd.remap[39m[0m
[  97% ] [90m[1msavepack[22m | Storing File: res://scripts/vehicles/bike_controller.gd.remap[39m[0m
[  97% ] [90m[1msavepack[22m | Storing File: res://scripts/vehicles/bike_flight_controller.gd.remap[39m[0m
[  97% ] [90m[1msavepack[22m | Storing File: res://scripts/vehicles/bike_visual.gd.remap[39m[0m
[  97% ] [90m[1msavepack[22m | Storing File: res://scripts/vehicles/cargo_cart.gd.remap[39m[0m
[  97% ] [90m[1msavepack[22m | Storing File: res://scripts/vehicles/hitch_system.gd.remap[39m[0m
[  97% ] [90m[1msavepack[22m | Storing File: res://scripts/vehicles/vehicle_seat.gd.remap[39m[0m
[  97% ] [90m[1msavepack[22m | Storing File: res://scripts/vehicles/vehicle_transformation.gd.remap[39m[0m
[  97% ] [90m[1msavepack[22m | Storing File: res://scripts/world/blockout_kit.gd.remap[39m[0m
[  97% ] [90m[1msavepack[22m | Storing File: res://scripts/world/coastal_region.gd.remap[39m[0m
[  97% ] [90m[1msavepack[22m | Storing File: res://scripts/world/static_batcher.gd.remap[39m[0m
[  97% ] [90m[1msavepack[22m | Storing File: res://scripts/world/terrain_chunk.gd.remap[39m[0m
[  97% ] [90m[1msavepack[22m | Storing File: res://scripts/world/world_manager.gd.remap[39m[0m
[  97% ] [90m[1msavepack[22m | Storing File: res://scripts/world/world_streamer.gd.remap[39m[0m
[  97% ] [90m[1msavepack[22m | Storing File: res://scripts/main.gd.remap[39m[0m
[  97% ] [90m[1msavepack[22m | Storing File: res://tests/bike_verifier.gd.remap[39m[0m
[  97% ] [90m[1msavepack[22m | Storing File: res://tests/cart_verifier.gd.remap[39m[0m
[  97% ] [90m[1msavepack[22m | Storing File: res://tests/combat_verifier.gd.remap[39m[0m
[  97% ] [90m[1msavepack[22m | Storing File: res://tests/distance_verifier.gd.remap[39m[0m
[  97% ] [90m[1msavepack[22m | Storing File: res://tests/flight_verifier.gd.remap[39m[0m
[  97% ] [90m[1msavepack[22m | Storing File: res://tests/integration_verifier.gd.remap[39m[0m
[  97% ] [90m[1msavepack[22m | Storing File: res://tests/logistics_verifier.gd.remap[39m[0m
[  97% ] [90m[1msavepack[22m | Storing File: res://tests/resume_verifier.gd.remap[39m[0m
[  97% ] [90m[1msavepack[22m | Storing File: res://tests/save_verifier.gd.remap[39m[0m
[  97% ] [90m[1msavepack[22m | Storing File: res://tests/traversal_verifier.gd.remap[39m[0m
[  97% ] [90m[1msavepack[22m | Storing File: res://tests/ui_verifier.gd.remap[39m[0m
[  97% ] [90m[1msavepack[22m | Storing File: res://tests/worker_verifier.gd.remap[39m[0m
[  97% ] [90m[1msavepack[22m | Storing File: res://tests/world_verifier.gd.remap[39m[0m
[  97% ] [90m[1msavepack[22m | Storing File: res://.godot/global_script_class_cache.cfg[39m[0m
[  97% ] [90m[1msavepack[22m | Storing File: res://.godot/uid_cache.bin[39m[0m
[  97% ] [90m[1msavepack[22m | Storing File: res://project.binary[39m[0m
[92m[ DONE ][39m [1msavepack[22m
[0m
