Godot Engine v4.7.stable.official.5b4e0cb0f - https://godotengine.org

[   0% ] [90m[1mfirst_scan_filesystem[22m | Started Project initialization (5 steps)[39m[0m
[   0% ] [90m[1mfirst_scan_filesystem[22m | Scanning file structure...[39m[0m
[  16% ] [90m[1mfirst_scan_filesystem[22m | Loading global class names...[39m[0m
[  33% ] [90m[1mfirst_scan_filesystem[22m | Verifying GDExtensions...[39m[0m
[  50% ] [90m[1mfirst_scan_filesystem[22m | Creating autoload scripts...[39m[0m
[  66% ] [90m[1mfirst_scan_filesystem[22m | Initializing plugins...[39m[0m
[  83% ] [90m[1mfirst_scan_filesystem[22m | Starting file scan...[39m[0m
[92m[ DONE ][39m [1mfirst_scan_filesystem[22m
[0m
[   0% ] [90m[1mupdate_scripts_classes[22m | Started Registering global classes... (3 steps)[39m[0m
[   0% ] [90m[1mupdate_scripts_classes[22m | CoastalRegion[39m[0m
[  25% ] [90m[1mupdate_scripts_classes[22m | WaterSafety[39m[0m
[  50% ] [90m[1mupdate_scripts_classes[22m | [39m[0m
[92m[ DONE ][39m [1mupdate_scripts_classes[22m
[0m
[   0% ] [90m[1msavepack[22m | Started Packing (102 steps)[39m[0m
[   1% ] [90m[1msavepack[22m | Storing File: res://.godot/imported/engine.wav-8cd7adae31f4e8d7082e9da5dba253f3.sample[39m[0m
[   1% ] [90m[1msavepack[22m | Storing File: res://assets/sfx/engine.wav.import[39m[0m
[   2% ] [90m[1msavepack[22m | Storing File: res://.godot/imported/hit.wav-05253ad92e646c999917577a1dc2124f.sample[39m[0m
[   2% ] [90m[1msavepack[22m | Storing File: res://assets/sfx/hit.wav.import[39m[0m
[   3% ] [90m[1msavepack[22m | Storing File: res://.godot/imported/jump.wav-9b35c1627efeb99d1d0472b32669fd3c.sample[39m[0m
[   3% ] [90m[1msavepack[22m | Storing File: res://assets/sfx/jump.wav.import[39m[0m
[   4% ] [90m[1msavepack[22m | Storing File: res://.godot/imported/reload.wav-40b2605df858669c30ee872bd4965ab2.sample[39m[0m
[   4% ] [90m[1msavepack[22m | Storing File: res://assets/sfx/reload.wav.import[39m[0m
[   5% ] [90m[1msavepack[22m | Storing File: res://.godot/imported/reward.wav-728c20b49cf1489d3f83187b1b7354c7.sample[39m[0m
[   5% ] [90m[1msavepack[22m | Storing File: res://assets/sfx/reward.wav.import[39m[0m
[   6% ] [90m[1msavepack[22m | Storing File: res://.godot/imported/rifle.wav-b8cc9e2db4bf2ef87e35b13ce3cc9ea7.sample[39m[0m
[   6% ] [90m[1msavepack[22m | Storing File: res://assets/sfx/rifle.wav.import[39m[0m
[   7% ] [90m[1msavepack[22m | Storing File: res://.godot/imported/step.wav-d21be29b105ea10aa9f20a4155219ffc.sample[39m[0m
[   7% ] [90m[1msavepack[22m | Storing File: res://assets/sfx/step.wav.import[39m[0m
[   8% ] [90m[1msavepack[22m | Storing File: res://.godot/imported/swing.wav-fe2e8b66c8d91a80f67819c457004ece.sample[39m[0m
[   8% ] [90m[1msavepack[22m | Storing File: res://assets/sfx/swing.wav.import[39m[0m
[   9% ] [90m[1msavepack[22m | Storing File: res://assets/shaders/streamed_terrain.gdshader[39m[0m
[  10% ] [90m[1msavepack[22m | Storing File: res://assets/shaders/terrain_surface.gdshaderinc[39m[0m
[  11% ] [90m[1msavepack[22m | Storing File: res://assets/shaders/world_backdrop.gdshader[39m[0m
[  12% ] [90m[1msavepack[22m | Storing File: res://.godot/exported/133200997/export-3ad5c15c4f3250da0cc7c1af1770d85f-main.scn[39m[0m
[  13% ] [90m[1msavepack[22m | Storing File: res://scripts/ai/combat_brain.gdc[39m[0m
[  14% ] [90m[1msavepack[22m | Storing File: res://scripts/ai/enemy_actor.gdc[39m[0m
[  15% ] [90m[1msavepack[22m | Storing File: res://scripts/ai/navigation_controller.gdc[39m[0m
[  16% ] [90m[1msavepack[22m | Storing File: res://scripts/ai/state_machine.gdc[39m[0m
[  17% ] [90m[1msavepack[22m | Storing File: res://scripts/ai/worker_actor.gdc[39m[0m
[  18% ] [90m[1msavepack[22m | Storing File: res://scripts/audio/game_audio.gdc[39m[0m
[  19% ] [90m[1msavepack[22m | Storing File: res://scripts/combat/damage_system.gdc[39m[0m
[  20% ] [90m[1msavepack[22m | Storing File: res://scripts/combat/health_component.gdc[39m[0m
[  21% ] [90m[1msavepack[22m | Storing File: res://scripts/combat/player_combat.gdc[39m[0m
[  22% ] [90m[1msavepack[22m | Storing File: res://scripts/combat/weapon_config.gdc[39m[0m
[  23% ] [90m[1msavepack[22m | Storing File: res://scripts/economy/delivery_contract.gdc[39m[0m
[  24% ] [90m[1msavepack[22m | Storing File: res://scripts/economy/delivery_route.gdc[39m[0m
[  26% ] [90m[1msavepack[22m | Storing File: res://scripts/economy/field_supplies.gdc[39m[0m
[  27% ] [90m[1msavepack[22m | Storing File: res://scripts/economy/logistics_world.gdc[39m[0m
[  28% ] [90m[1msavepack[22m | Storing File: res://scripts/economy/shop.gdc[39m[0m
[  29% ] [90m[1msavepack[22m | Storing File: res://scripts/interaction/interaction_controller.gdc[39m[0m
[  30% ] [90m[1msavepack[22m | Storing File: res://scripts/interaction/survey_site.gdc[39m[0m
[  31% ] [90m[1msavepack[22m | Storing File: res://scripts/jobs/job_definition.gdc[39m[0m
[  32% ] [90m[1msavepack[22m | Storing File: res://scripts/jobs/job_executor.gdc[39m[0m
[  33% ] [90m[1msavepack[22m | Storing File: res://scripts/jobs/job_routine.gdc[39m[0m
[  33% ] [90m[1msavepack[22m | Storing File: res://scripts/jobs/worker_manager.gdc[39m[0m
[  34% ] [90m[1msavepack[22m | Storing File: res://scripts/persistence/save_schema.gdc[39m[0m
[  35% ] [90m[1msavepack[22m | Storing File: res://scripts/persistence/save_system.gdc[39m[0m
[  36% ] [90m[1msavepack[22m | Storing File: res://scripts/player/input_bindings.gdc[39m[0m
[  37% ] [90m[1msavepack[22m | Storing File: res://scripts/player/movement_config.gdc[39m[0m
[  38% ] [90m[1msavepack[22m | Storing File: res://scripts/player/orbit_camera.gdc[39m[0m
[  39% ] [90m[1msavepack[22m | Storing File: res://scripts/player/player_controller.gdc[39m[0m
[  40% ] [90m[1msavepack[22m | Storing File: res://scripts/player/player_visual.gdc[39m[0m
[  41% ] [90m[1msavepack[22m | Storing File: res://scripts/resources/inventory.gdc[39m[0m
[  42% ] [90m[1msavepack[22m | Storing File: res://scripts/resources/item_definition.gdc[39m[0m
[  43% ] [90m[1msavepack[22m | Storing File: res://scripts/resources/resource_source.gdc[39m[0m
[  44% ] [90m[1msavepack[22m | Storing File: res://scripts/resources/storage.gdc[39m[0m
[  45% ] [90m[1msavepack[22m | Storing File: res://scripts/ui/field_map.gdc[39m[0m
[  46% ] [90m[1msavepack[22m | Storing File: res://scripts/ui/game_hud.gdc[39m[0m
[  47% ] [90m[1msavepack[22m | Storing File: res://scripts/vehicles/bike_controller.gdc[39m[0m
[  48% ] [90m[1msavepack[22m | Storing File: res://scripts/vehicles/bike_flight_controller.gdc[39m[0m
[  50% ] [90m[1msavepack[22m | Storing File: res://scripts/vehicles/bike_visual.gdc[39m[0m
[  51% ] [90m[1msavepack[22m | Storing File: res://scripts/vehicles/cargo_cart.gdc[39m[0m
[  52% ] [90m[1msavepack[22m | Storing File: res://scripts/vehicles/hitch_system.gdc[39m[0m
[  53% ] [90m[1msavepack[22m | Storing File: res://scripts/vehicles/vehicle_seat.gdc[39m[0m
[  54% ] [90m[1msavepack[22m | Storing File: res://scripts/vehicles/vehicle_transformation.gdc[39m[0m
[  55% ] [90m[1msavepack[22m | Storing File: res://scripts/world/blockout_kit.gdc[39m[0m
[  56% ] [90m[1msavepack[22m | Storing File: res://scripts/world/coastal_region.gdc[39m[0m
[  57% ] [90m[1msavepack[22m | Storing File: res://scripts/world/region_catalog.gdc[39m[0m
[  58% ] [90m[1msavepack[22m | Storing File: res://scripts/world/region_definition.gdc[39m[0m
[  59% ] [90m[1msavepack[22m | Storing File: res://scripts/world/region_manager.gdc[39m[0m
[  60% ] [90m[1msavepack[22m | Storing File: res://scripts/world/region_scenery.gdc[39m[0m
[  61% ] [90m[1msavepack[22m | Storing File: res://scripts/world/spawn_manager.gdc[39m[0m
[  62% ] [90m[1msavepack[22m | Storing File: res://scripts/world/static_batcher.gdc[39m[0m
[  63% ] [90m[1msavepack[22m | Storing File: res://scripts/world/terrain_chunk.gdc[39m[0m
[  64% ] [90m[1msavepack[22m | Storing File: res://scripts/world/water_body.gdc[39m[0m
[  65% ] [90m[1msavepack[22m | Storing File: res://scripts/world/water_safety.gdc[39m[0m
[  66% ] [90m[1msavepack[22m | Storing File: res://scripts/world/world_backdrop.gdc[39m[0m
[  66% ] [90m[1msavepack[22m | Storing File: res://scripts/world/world_manager.gdc[39m[0m
[  67% ] [90m[1msavepack[22m | Storing File: res://scripts/world/world_streamer.gdc[39m[0m
[  68% ] [90m[1msavepack[22m | Storing File: res://scripts/main.gdc[39m[0m
[  69% ] [90m[1msavepack[22m | Storing File: res://tests/airmail_verifier.gdc[39m[0m
[  70% ] [90m[1msavepack[22m | Storing File: res://tests/ai_verifier.gdc[39m[0m
[  71% ] [90m[1msavepack[22m | Storing File: res://tests/backdrop_verifier.gdc[39m[0m
[  72% ] [90m[1msavepack[22m | Storing File: res://tests/bike_verifier.gdc[39m[0m
[  74% ] [90m[1msavepack[22m | Storing File: res://tests/cargo_access_verifier.gdc[39m[0m
[  75% ] [90m[1msavepack[22m | Storing File: res://tests/cart_verifier.gdc[39m[0m
[  76% ] [90m[1msavepack[22m | Storing File: res://tests/combat_verifier.gdc[39m[0m
[  77% ] [90m[1msavepack[22m | Storing File: res://tests/distance_verifier.gdc[39m[0m
[  78% ] [90m[1msavepack[22m | Storing File: res://tests/economy_verifier.gdc[39m[0m
[  79% ] [90m[1msavepack[22m | Storing File: res://tests/encounter_verifier.gdc[39m[0m
[  80% ] [90m[1msavepack[22m | Storing File: res://tests/feedback_verifier.gdc[39m[0m
[  81% ] [90m[1msavepack[22m | Storing File: res://tests/flight_verifier.gdc[39m[0m
[  82% ] [90m[1msavepack[22m | Storing File: res://tests/highland_verifier.gdc[39m[0m
[  83% ] [90m[1msavepack[22m | Storing File: res://tests/integration_verifier.gdc[39m[0m
[  84% ] [90m[1msavepack[22m | Storing File: res://tests/logistics_verifier.gdc[39m[0m
[  85% ] [90m[1msavepack[22m | Storing File: res://tests/recovery_verifier.gdc[39m[0m
[  86% ] [90m[1msavepack[22m | Storing File: res://tests/region_verifier.gdc[39m[0m
[  87% ] [90m[1msavepack[22m | Storing File: res://tests/resume_verifier.gdc[39m[0m
[  88% ] [90m[1msavepack[22m | Storing File: res://tests/routes_verifier.gdc[39m[0m
[  89% ] [90m[1msavepack[22m | Storing File: res://tests/routine_stop_verifier.gdc[39m[0m
[  90% ] [90m[1msavepack[22m | Storing File: res://tests/routine_verifier.gdc[39m[0m
[  91% ] [90m[1msavepack[22m | Storing File: res://tests/save_verifier.gdc[39m[0m
[  92% ] [90m[1msavepack[22m | Storing File: res://tests/seat_safety_verifier.gdc[39m[0m
[  93% ] [90m[1msavepack[22m | Storing File: res://tests/traversal_verifier.gdc[39m[0m
[  94% ] [90m[1msavepack[22m | Storing File: res://tests/ui_verifier.gdc[39m[0m
[  95% ] [90m[1msavepack[22m | Storing File: res://tests/water_verifier.gdc[39m[0m
[  96% ] [90m[1msavepack[22m | Storing File: res://tests/worker_verifier.gdc[39m[0m
[  97% ] [90m[1msavepack[22m | Storing File: res://tests/world_verifier.gdc[39m[0m
[  97% ] [90m[1msavepack[22m | Storing File: res://scenes/main.tscn.remap[39m[0m
[  97% ] [90m[1msavepack[22m | Storing File: res://scripts/ai/combat_brain.gd.remap[39m[0m
[  97% ] [90m[1msavepack[22m | Storing File: res://scripts/ai/enemy_actor.gd.remap[39m[0m
[  97% ] [90m[1msavepack[22m | Storing File: res://scripts/ai/navigation_controller.gd.remap[39m[0m
[  97% ] [90m[1msavepack[22m | Storing File: res://scripts/ai/state_machine.gd.remap[39m[0m
[  97% ] [90m[1msavepack[22m | Storing File: res://scripts/ai/worker_actor.gd.remap[39m[0m
[  97% ] [90m[1msavepack[22m | Storing File: res://scripts/audio/game_audio.gd.remap[39m[0m
[  97% ] [90m[1msavepack[22m | Storing File: res://scripts/combat/damage_system.gd.remap[39m[0m
[  97% ] [90m[1msavepack[22m | Storing File: res://scripts/combat/health_component.gd.remap[39m[0m
[  97% ] [90m[1msavepack[22m | Storing File: res://scripts/combat/player_combat.gd.remap[39m[0m
[  97% ] [90m[1msavepack[22m | Storing File: res://scripts/combat/weapon_config.gd.remap[39m[0m
[  97% ] [90m[1msavepack[22m | Storing File: res://scripts/economy/delivery_contract.gd.remap[39m[0m
[  97% ] [90m[1msavepack[22m | Storing File: res://scripts/economy/delivery_route.gd.remap[39m[0m
[  97% ] [90m[1msavepack[22m | Storing File: res://scripts/economy/field_supplies.gd.remap[39m[0m
[  97% ] [90m[1msavepack[22m | Storing File: res://scripts/economy/logistics_world.gd.remap[39m[0m
[  97% ] [90m[1msavepack[22m | Storing File: res://scripts/economy/shop.gd.remap[39m[0m
[  97% ] [90m[1msavepack[22m | Storing File: res://scripts/interaction/interaction_controller.gd.remap[39m[0m
[  97% ] [90m[1msavepack[22m | Storing File: res://scripts/interaction/survey_site.gd.remap[39m[0m
[  97% ] [90m[1msavepack[22m | Storing File: res://scripts/jobs/job_definition.gd.remap[39m[0m
[  97% ] [90m[1msavepack[22m | Storing File: res://scripts/jobs/job_executor.gd.remap[39m[0m
[  97% ] [90m[1msavepack[22m | Storing File: res://scripts/jobs/job_routine.gd.remap[39m[0m
[  97% ] [90m[1msavepack[22m | Storing File: res://scripts/jobs/worker_manager.gd.remap[39m[0m
[  97% ] [90m[1msavepack[22m | Storing File: res://scripts/persistence/save_schema.gd.remap[39m[0m
[  97% ] [90m[1msavepack[22m | Storing File: res://scripts/persistence/save_system.gd.remap[39m[0m
[  97% ] [90m[1msavepack[22m | Storing File: res://scripts/player/input_bindings.gd.remap[39m[0m
[  97% ] [90m[1msavepack[22m | Storing File: res://scripts/player/movement_config.gd.remap[39m[0m
[  97% ] [90m[1msavepack[22m | Storing File: res://scripts/player/orbit_camera.gd.remap[39m[0m
[  97% ] [90m[1msavepack[22m | Storing File: res://scripts/player/player_controller.gd.remap[39m[0m
[  97% ] [90m[1msavepack[22m | Storing File: res://scripts/player/player_visual.gd.remap[39m[0m
[  97% ] [90m[1msavepack[22m | Storing File: res://scripts/resources/inventory.gd.remap[39m[0m
[  97% ] [90m[1msavepack[22m | Storing File: res://scripts/resources/item_definition.gd.remap[39m[0m
[  97% ] [90m[1msavepack[22m | Storing File: res://scripts/resources/resource_source.gd.remap[39m[0m
[  97% ] [90m[1msavepack[22m | Storing File: res://scripts/resources/storage.gd.remap[39m[0m
[  97% ] [90m[1msavepack[22m | Storing File: res://scripts/ui/field_map.gd.remap[39m[0m
[  97% ] [90m[1msavepack[22m | Storing File: res://scripts/ui/game_hud.gd.remap[39m[0m
[  97% ] [90m[1msavepack[22m | Storing File: res://scripts/vehicles/bike_controller.gd.remap[39m[0m
[  97% ] [90m[1msavepack[22m | Storing File: res://scripts/vehicles/bike_flight_controller.gd.remap[39m[0m
[  97% ] [90m[1msavepack[22m | Storing File: res://scripts/vehicles/bike_visual.gd.remap[39m[0m
[  97% ] [90m[1msavepack[22m | Storing File: res://scripts/vehicles/cargo_cart.gd.remap[39m[0m
[  97% ] [90m[1msavepack[22m | Storing File: res://scripts/vehicles/hitch_system.gd.remap[39m[0m
[  97% ] [90m[1msavepack[22m | Storing File: res://scripts/vehicles/vehicle_seat.gd.remap[39m[0m
[  97% ] [90m[1msavepack[22m | Storing File: res://scripts/vehicles/vehicle_transformation.gd.remap[39m[0m
[  97% ] [90m[1msavepack[22m | Storing File: res://scripts/world/blockout_kit.gd.remap[39m[0m
[  97% ] [90m[1msavepack[22m | Storing File: res://scripts/world/coastal_region.gd.remap[39m[0m
[  97% ] [90m[1msavepack[22m | Storing File: res://scripts/world/region_catalog.gd.remap[39m[0m
[  97% ] [90m[1msavepack[22m | Storing File: res://scripts/world/region_definition.gd.remap[39m[0m
[  97% ] [90m[1msavepack[22m | Storing File: res://scripts/world/region_manager.gd.remap[39m[0m
[  97% ] [90m[1msavepack[22m | Storing File: res://scripts/world/region_scenery.gd.remap[39m[0m
[  97% ] [90m[1msavepack[22m | Storing File: res://scripts/world/spawn_manager.gd.remap[39m[0m
[  97% ] [90m[1msavepack[22m | Storing File: res://scripts/world/static_batcher.gd.remap[39m[0m
[  97% ] [90m[1msavepack[22m | Storing File: res://scripts/world/terrain_chunk.gd.remap[39m[0m
[  97% ] [90m[1msavepack[22m | Storing File: res://scripts/world/water_body.gd.remap[39m[0m
[  97% ] [90m[1msavepack[22m | Storing File: res://scripts/world/water_safety.gd.remap[39m[0m
[  97% ] [90m[1msavepack[22m | Storing File: res://scripts/world/world_backdrop.gd.remap[39m[0m
[  97% ] [90m[1msavepack[22m | Storing File: res://scripts/world/world_manager.gd.remap[39m[0m
[  97% ] [90m[1msavepack[22m | Storing File: res://scripts/world/world_streamer.gd.remap[39m[0m
[  97% ] [90m[1msavepack[22m | Storing File: res://scripts/main.gd.remap[39m[0m
[  97% ] [90m[1msavepack[22m | Storing File: res://tests/airmail_verifier.gd.remap[39m[0m
[  97% ] [90m[1msavepack[22m | Storing File: res://tests/ai_verifier.gd.remap[39m[0m
[  97% ] [90m[1msavepack[22m | Storing File: res://tests/backdrop_verifier.gd.remap[39m[0m
[  97% ] [90m[1msavepack[22m | Storing File: res://tests/bike_verifier.gd.remap[39m[0m
[  97% ] [90m[1msavepack[22m | Storing File: res://tests/cargo_access_verifier.gd.remap[39m[0m
[  97% ] [90m[1msavepack[22m | Storing File: res://tests/cart_verifier.gd.remap[39m[0m
[  97% ] [90m[1msavepack[22m | Storing File: res://tests/combat_verifier.gd.remap[39m[0m
[  97% ] [90m[1msavepack[22m | Storing File: res://tests/distance_verifier.gd.remap[39m[0m
[  97% ] [90m[1msavepack[22m | Storing File: res://tests/economy_verifier.gd.remap[39m[0m
[  97% ] [90m[1msavepack[22m | Storing File: res://tests/encounter_verifier.gd.remap[39m[0m
[  97% ] [90m[1msavepack[22m | Storing File: res://tests/feedback_verifier.gd.remap[39m[0m
[  97% ] [90m[1msavepack[22m | Storing File: res://tests/flight_verifier.gd.remap[39m[0m
[  97% ] [90m[1msavepack[22m | Storing File: res://tests/highland_verifier.gd.remap[39m[0m
[  97% ] [90m[1msavepack[22m | Storing File: res://tests/integration_verifier.gd.remap[39m[0m
[  97% ] [90m[1msavepack[22m | Storing File: res://tests/logistics_verifier.gd.remap[39m[0m
[  97% ] [90m[1msavepack[22m | Storing File: res://tests/recovery_verifier.gd.remap[39m[0m
[  97% ] [90m[1msavepack[22m | Storing File: res://tests/region_verifier.gd.remap[39m[0m
[  97% ] [90m[1msavepack[22m | Storing File: res://tests/resume_verifier.gd.remap[39m[0m
[  97% ] [90m[1msavepack[22m | Storing File: res://tests/routes_verifier.gd.remap[39m[0m
[  97% ] [90m[1msavepack[22m | Storing File: res://tests/routine_stop_verifier.gd.remap[39m[0m
[  97% ] [90m[1msavepack[22m | Storing File: res://tests/routine_verifier.gd.remap[39m[0m
[  97% ] [90m[1msavepack[22m | Storing File: res://tests/save_verifier.gd.remap[39m[0m
[  97% ] [90m[1msavepack[22m | Storing File: res://tests/seat_safety_verifier.gd.remap[39m[0m
[  97% ] [90m[1msavepack[22m | Storing File: res://tests/traversal_verifier.gd.remap[39m[0m
[  97% ] [90m[1msavepack[22m | Storing File: res://tests/ui_verifier.gd.remap[39m[0m
[  97% ] [90m[1msavepack[22m | Storing File: res://tests/water_verifier.gd.remap[39m[0m
[  97% ] [90m[1msavepack[22m | Storing File: res://tests/worker_verifier.gd.remap[39m[0m
[  97% ] [90m[1msavepack[22m | Storing File: res://tests/world_verifier.gd.remap[39m[0m
[  97% ] [90m[1msavepack[22m | Storing File: res://.godot/global_script_class_cache.cfg[39m[0m
[  97% ] [90m[1msavepack[22m | Storing File: res://.godot/uid_cache.bin[39m[0m
[  97% ] [90m[1msavepack[22m | Storing File: res://project.binary[39m[0m
[92m[ DONE ][39m [1msavepack[22m
[0m
