Godot Engine v4.7.stable.official.5b4e0cb0f - https://godotengine.org
OpenGL API 4.1 Metal - 90.5 - Compatibility - Using Device: Apple - Apple M4 Pro

SCRIPT ERROR: Invalid call. Nonexistent function 'surface_get_array_index_len' in base 'BoxMesh'.
          at: combine (res://scripts/world/static_batcher.gd:23)
          GDScript backtrace (most recent call first):
              [0] combine (res://scripts/world/static_batcher.gd:23)
              [1] _ready (res://scripts/world/coastal_region.gd:34)
              [2] _ready (res://scripts/main.gd:31)
              [3] capture (res://tools/render_vehicle.gd:11)
SCRIPT ERROR: Invalid call. Nonexistent function 'surface_get_array_index_len' in base 'BoxMesh'.
          at: combine (res://scripts/world/static_batcher.gd:23)
          GDScript backtrace (most recent call first):
              [0] combine (res://scripts/world/static_batcher.gd:23)
              [1] _ready (res://scripts/player/player_visual.gd:48)
              [2] _ready (res://scripts/player/player_controller.gd:42)
              [3] _ready (res://scripts/main.gd:34)
              [4] capture (res://tools/render_vehicle.gd:11)
SCRIPT ERROR: Invalid call. Nonexistent function 'surface_get_array_index_len' in base 'TorusMesh'.
          at: combine (res://scripts/world/static_batcher.gd:23)
          GDScript backtrace (most recent call first):
              [0] combine (res://scripts/world/static_batcher.gd:23)
              [1] _wheel (res://scripts/vehicles/bike_visual.gd:106)
              [2] _ready (res://scripts/vehicles/bike_visual.gd:18)
              [3] _ready (res://scripts/vehicles/bike_controller.gd:34)
              [4] _spawn_bike (res://scripts/main.gd:244)
              [5] _ready (res://scripts/main.gd:48)
              [6] capture (res://tools/render_vehicle.gd:11)
SCRIPT ERROR: Invalid call. Nonexistent function 'surface_get_array_index_len' in base 'TorusMesh'.
          at: combine (res://scripts/world/static_batcher.gd:23)
          GDScript backtrace (most recent call first):
              [0] combine (res://scripts/world/static_batcher.gd:23)
              [1] _wheel (res://scripts/vehicles/bike_visual.gd:106)
              [2] _ready (res://scripts/vehicles/bike_visual.gd:19)
              [3] _ready (res://scripts/vehicles/bike_controller.gd:34)
              [4] _spawn_bike (res://scripts/main.gd:244)
              [5] _ready (res://scripts/main.gd:48)
              [6] capture (res://tools/render_vehicle.gd:11)
SCRIPT ERROR: Invalid call. Nonexistent function 'surface_get_array_index_len' in base 'BoxMesh'.
          at: combine (res://scripts/world/static_batcher.gd:23)
          GDScript backtrace (most recent call first):
              [0] combine (res://scripts/world/static_batcher.gd:23)
              [1] _ready (res://scripts/vehicles/bike_visual.gd:36)
              [2] _ready (res://scripts/vehicles/bike_controller.gd:34)
              [3] _spawn_bike (res://scripts/main.gd:244)
              [4] _ready (res://scripts/main.gd:48)
              [5] capture (res://tools/render_vehicle.gd:11)
SCRIPT ERROR: Invalid call. Nonexistent function 'surface_get_array_index_len' in base 'CylinderMesh'.
          at: combine (res://scripts/world/static_batcher.gd:23)
          GDScript backtrace (most recent call first):
              [0] combine (res://scripts/world/static_batcher.gd:23)
              [1] _ready (res://scripts/vehicles/bike_visual.gd:79)
              [2] _ready (res://scripts/vehicles/bike_controller.gd:34)
              [3] _spawn_bike (res://scripts/main.gd:244)
              [4] _ready (res://scripts/main.gd:48)
              [5] capture (res://tools/render_vehicle.gd:11)
SCRIPT ERROR: Invalid call. Nonexistent function 'surface_get_array_index_len' in base 'BoxMesh'.
          at: combine (res://scripts/world/static_batcher.gd:23)
          GDScript backtrace (most recent call first):
              [0] combine (res://scripts/world/static_batcher.gd:23)
              [1] _ready (res://scripts/player/player_visual.gd:48)
              [2] _ready (res://scripts/vehicles/bike_visual.gd:83)
              [3] _ready (res://scripts/vehicles/bike_controller.gd:34)
              [4] _spawn_bike (res://scripts/main.gd:244)
              [5] _ready (res://scripts/main.gd:48)
              [6] capture (res://tools/render_vehicle.gd:11)
SCRIPT ERROR: Invalid call. Nonexistent function 'surface_get_array_index_len' in base 'BoxMesh'.
          at: combine (res://scripts/world/static_batcher.gd:23)
          GDScript backtrace (most recent call first):
              [0] combine (res://scripts/world/static_batcher.gd:23)
              [1] _ready (res://scripts/player/player_visual.gd:48)
              [2] _ready (res://scripts/ai/worker_actor.gd:42)
              [3] _ready (res://scripts/jobs/worker_manager.gd:32)
              [4] _ready (res://scripts/main.gd:58)
              [5] capture (res://tools/render_vehicle.gd:11)
RSB_READY | Godot 4.7-stable (official) | region=320m | terrain_tiles=25 | streamed_window=25
RSB_TANK | aabb=[P: (-0.34, -0.21, -0.43), S: (0.68, 0.42, 0.83)] position=(0.0, 1.11, -0.32) surfaces=1
RSB_VEHICLE_RENDER | motorcycle draw_calls=524
RSB_VEHICLE_RENDER | mode=AIRCRAFT draw_calls=594
