traversal: 21/21 in 59.7s
combat: 34/34 in 31.6s
bike: 26/26 in 17.7s
flight: 22/22 in 18.2s
cart: 25/25 in 11.8s
logistics: 23/23 in 11.2s
worker: 25/25 in 159.0s
world: 15/15 in 68.8s
save: 22/22 in 24.6s
ui: 14/14 in 3.7s
integration: 16/16 in 102.6s
feedback: 9/9 in 6.0s
ai: 10/10 in 22.1s
economy: 21/21 in 2.2s
highland: 8/8 in 38.1s
region: 18/18 in 33.3s
recovery: 8/8 in 12.7s
encounter: 16/16 in 18.2s
routine: 16/16 in 188.5s
routine_stop: 4/4 in 52.0s
backdrop: 7/7 in 8.9s
routes: 20/20 in 3.7s
airmail: 12/12 in 99.5s
cargo_access: 11/11 in 5.8s
seat_safety: 12/12 in 7.6s
water: 12/12 in 24.6s
vehicle_ground: 11/11 in 7.1s
chase_camera: 12/12 in 22.4s
batching: 8/8 in 0.0s
equipment_map: 12/12 in 3.3s
enemy_strike: 10/10 in 9.7s
food: 17/17 in 5.4s
beast_strike: 10/10 in 9.7s
lock_framing: 12/12 in 13.3s
shoulder_clearance: 8/8 in 5.0s
panel_combat: 15/15 in 8.7s
wing_pose: 8/8 in 10.5s
touchdown: 8/8 in 3.3s
towing: 15/15 in 24.1s
forest_airmail: 12/12 in 171.1s
source_identity: 9/9 in 1.0s
forest_resource: 14/14 in 5.5s
lake: 14/14 in 13.7s
multi_worker: 25/25 in 72.1s
