traversal: 21/21 in 59.7s
combat: 34/34 in 31.6s
bike: 26/26 in 17.6s
flight: 22/22 in 18.2s
cart: 25/25 in 11.8s
logistics: 23/23 in 11.6s
worker: 25/25 in 159.0s
world: 15/15 in 67.6s
save: 22/22 in 24.6s
ui: 14/14 in 3.7s
integration: 16/16 in 102.9s
feedback: 9/9 in 6.0s
ai: 10/10 in 22.0s
economy: 21/21 in 2.2s
highland: 8/8 in 38.1s
region: 18/18 in 33.3s
recovery: 8/8 in 12.7s
encounter: 16/16 in 18.2s
routine: 16/16 in 188.5s
routine_stop: 4/4 in 52.0s
backdrop: 7/7 in 8.8s
routes: 20/20 in 3.7s
airmail: 12/12 in 99.7s
cargo_access: 11/11 in 5.8s
seat_safety: 12/12 in 7.6s
water: 13/13 in 25.1s
vehicle_ground: 11/11 in 7.1s
chase_camera: 12/12 in 22.4s
batching: 8/8 in 0.0s
equipment_map: 12/12 in 3.3s
enemy_strike: 10/10 in 9.7s
food: 17/17 in 5.4s
beast_strike: 10/10 in 9.7s
lock_framing: 12/12 in 13.3s
shoulder_clearance: 8/8 in 5.0s
panel_combat: 15/15 in 8.8s
wing_pose: 8/8 in 10.5s
touchdown: 8/8 in 3.3s
towing: 15/15 in 24.2s
forest_airmail: 12/12 in 171.1s
source_identity: 9/9 in 1.0s
forest_resource: 14/14 in 5.5s
lake: 14/14 in 13.7s
multi_worker: 25/25 in 72.1s
steering_clearance: 16/16 in 9.3s
quarry_resource: 19/19 in 10.4s
wing_transition: 13/13 in 8.8s
tail_clearance: 15/15 in 7.7s
worker_map: 14/14 in 8.8s
brook: 18/18 in 53.2s
rock_surface: 4/4 in 0.0s
flight_navigation: 20/20 in 4.3s
incoming_damage: 13/13 in 6.8s
water_camera: 2/2 in 0.8s
cart_recovery: 16/16 in 4.6s
logistics_prompt: 11/11 in 2.7s
roof_surface: 7/7 in 3.0s
regional_roof: 13/13 in 8.9s
terrain_seam: 18/18 in 31.2s
regional_survey: 28/28 in 21.1s
checkpoint_map: 12/12 in 9.6s
cart_wheel: 8/8 in 19.8s
cart_canopy: 14/14 in 18.2s
rider_clearance: 12/12 in 8.9s
ambience: 12/12 in 9.2s
audio_settings: 12/12 in 3.4s
