map_landmark: 17/17 in 3.8s
ui: 14/14 in 3.8s
equipment_map: 12/12 in 3.4s
worker_map: 14/14 in 8.9s
checkpoint_map-native-verifier FAILED: see docs/evidence/checkpoint_map-native-verifier.log
Godot Engine v4.7.stable.official.5b4e0cb0f - https://godotengine.org

RSB_READY | Godot 4.7-stable (official) | region=320m | terrain_tiles=25 | streamed_window=25
RSB_UI | map_open=true
RSB_BIKE | PASS | Map offers an explicit recovery checkpoint target | 
RSB_BIKE | PASS | Button selects the current checkpoint independently of player tracking | 
RSB_BIKE | PASS | Checkpoint selection preserves pause and rifle ammunition | 
RSB_UI | map_open=false
RSB_BIKE | PASS | An actual regional survey updates guidance and world scope | checkpoint=(888.0, 16.38584, 1109.5)
RSB_UI | map_open=true
RSB_BIKE | PASS | Regional checkpoint has readable field notes and map location | 
RSB_UI | map_open=false
RSB_BIKE | PASS | Returning to a village survey updates the tracked checkpoint | 
RSB_UI | map_open=true
RSB_BIKE | PASS | Save restore updates checkpoint guidance without stale coordinates | 
RSB_BIKE | PASS | Equipment selection releases checkpoint tracking | 
RSB_BIKE | PASS | Worker selection releases checkpoint tracking | 
RSB_BIKE | FAIL | A fixed map point replaces checkpoint tracking | 
RSB_UI | map_open=false
RSB_BIKE | PASS | Cleared checkpoint guidance stays clear after another survey | 
RSB_UI | map_open=true
RSB_BIKE | PASS | Checkpoint controls fit without another map row | 
RSB_CHECKPOINT_MAP_REPORT {"elapsed_seconds":9.785,"milestone":"81 recovery checkpoint guidance","passed":11,"platform":"macOS","tests":[{"detail":"","passed":true,"test":"Map offers an explicit recovery checkpoint target"},{"detail":"","passed":true,"test":"Button selects the current checkpoint independently of player tracking"},{"detail":"","passed":true,"test":"Checkpoint selection preserves pause and rifle ammunition"},{"detail":"checkpoint=(888.0, 16.38584, 1109.5)","passed":true,"test":"An actual regional survey updates guidance and world scope"},{"detail":"","passed":true,"test":"Regional checkpoint has readable field notes and map location"},{"detail":"","passed":true,"test":"Returning to a village survey updates the tracked checkpoint"},{"detail":"","passed":true,"test":"Save restore updates checkpoint guidance without stale coordinates"},{"detail":"","passed":true,"test":"Equipment selection releases checkpoint tracking"},{"detail":"","passed":true,"test":"Worker selection releases checkpoint tracking"},{"detail":"","passed":false,"test":"A fixed map point replaces checkpoint tracking"},{"detail":"","passed":true,"test":"Cleared checkpoint guidance stays clear after another survey"},{"detail":"","passed":true,"test":"Checkpoint controls fit without another map row"}],"total":12}

